// Jest Snapshot v1, https://goo.gl/fbAQLP

exports[`Drink should take a snapshot when passed the correct data 1`] = `
<section
  className="Drink_section"
>
  <img
    alt="Mojito"
    className="Drink_image"
    src="image.png"
  />
  <h3>
    Mojito
  </h3>
  <button
    onClick={[Function]}
  >
    See How to Make
  </button>
  <label
    onClick={[Function]}
  >
    <img
      alt="favorite this drink"
      className="Drink_image-favorite"
      src="favorite.png"
    />
    Click Here to Favorite!
  </label>
</section>
`;
