// Jest Snapshot v1, https://goo.gl/fbAQLP

exports[`Nav should take a snapshot when passed the correct data 1`] = `
<nav>
  <form
    className="Nav_form"
  >
    <input
      autoComplete="off"
      className="Nav_input-search"
      name="search"
      onChange={[Function]}
      placeholder="Search for a drink..."
      value=""
    />
    <button
      disabled={true}
      onClick={[Function]}
    >
      Submit
    </button>
  </form>
  <select
    className="select-container"
    onChange={[Function]}
  >
    <option
      value=""
    >
      Select Genre:
    </option>
    <option
      value="vodka"
    >
      Vodka
    </option>
    <option
      value="bourbon"
    >
      Bourbon
    </option>
    <option
      value="tequila"
    >
      Tequila
    </option>
    <option
      value="gin"
    >
      Gin
    </option>
    <option
      value="rum"
    >
      Rum
    </option>
    <option
      value="whiskey"
    >
      Whiskey
    </option>
    <option
      value="popular"
    >
      Popular
    </option>
  </select>
  <NavLink
    to="/game-play"
  >
    <button
      className="button-quiz-favorites"
    >
      Quiz me on my favorites
    </button>
  </NavLink>
  <p
    className="Nav_p-favorites"
  >
    Favorites 
    <br />
    1
  </p>
</nav>
`;
